#
# An unexpected error has occurred (11)
#
Stack:
/tools/Xilinx/Vivado/2024.1/tps/lnx64/jre21.0.1_12/lib//server/libjvm.so(+0xe4f55c) [0x7624d7c4f55c]
/tools/Xilinx/Vivado/2024.1/tps/lnx64/jre21.0.1_12/lib//server/libjvm.so(JVM_handle_linux_signal+0x23e) [0x7624d7c5002e]
/lib/x86_64-linux-gnu/libc.so.6(+0x42520) [0x76251a042520]
/tools/Xilinx/Vivado/2024.1/lib/lnx64.o/librdi_xicom_hw.so(XicomHWXicomNodeEvents::init(std::__cxx11::basic_string<char, std::char_traits<char>, std::allocator<char> >)+0x216) [0x7624dc2ec0e6]
/tools/Xilinx/Vivado/2024.1/lib/lnx64.o/librdi_xicom_hw.so(XHWEngine::handleServerConnect(XHWServer*, bool)+0x6f0) [0x7624dc219ad0]
/tools/Xilinx/Vivado/2024.1/lib/lnx64.o/librdi_xicom_hw.so(XHWServer::connectKey(std::__cxx11::basic_string<char, std::char_traits<char>, std::allocator<char> > const&)+0x282) [0x7624dc22d6a2]
/tools/Xilinx/Vivado/2024.1/lib/lnx64.o/librdi_labtools.so(LTDHWServer::connect(HSTVector<std::__cxx11::basic_string<char, std::char_traits<char>, std::allocator<char> >, std::allocator<std::__cxx11::basic_string<char, std::char_traits<char>, std::allocator<char> > > >&, HDGUIStatus*)+0x5ca) [0x7624debf738a]
/tools/Xilinx/Vivado/2024.1/lib/lnx64.o/librdi_labtoolstasks.so(+0x6341b2) [0x76246c2341b2]
/tools/Xilinx/Vivado/2024.1/lib/lnx64.o/librdi_common.so(+0xd85d9f) [0x76251b985d9f]
/tools/Xilinx/Vivado/2024.1/lib/lnx64.o/libtcl8.6.so(TclNRRunCallbacks+0x47) [0x76251a284497]
/tools/Xilinx/Vivado/2024.1/lib/lnx64.o/librdi_common.so(+0xd83693) [0x76251b983693]
/tools/Xilinx/Vivado/2024.1/lib/lnx64.o/libtcl8.6.so(Tcl_ServiceEvent+0x7f) [0x76251a3486df]
/tools/Xilinx/Vivado/2024.1/lib/lnx64.o/libtcl8.6.so(Tcl_DoOneEvent+0x149) [0x76251a3489f9]
/tools/Xilinx/Vivado/2024.1/lib/lnx64.o/librdi_commontasks.so(+0x2bc9c7) [0x76250f6bc9c7]
/tools/Xilinx/Vivado/2024.1/lib/lnx64.o/librdi_commontasks.so(+0x2c58fe) [0x76250f6c58fe]
/tools/Xilinx/Vivado/2024.1/lib/lnx64.o/librdi_commontasks.so(+0x2c61df) [0x76250f6c61df]
/tools/Xilinx/Vivado/2024.1/lib/lnx64.o/librdi_common.so(+0xd85d9f) [0x76251b985d9f]
/tools/Xilinx/Vivado/2024.1/lib/lnx64.o/libtcl8.6.so(TclNRRunCallbacks+0x47) [0x76251a284497]
/tools/Xilinx/Vivado/2024.1/lib/lnx64.o/librdi_commonmain.so(+0xe6d2) [0x76251c94b6d2]
/tools/Xilinx/Vivado/2024.1/lib/lnx64.o/libtcl8.6.so(Tcl_MainEx+0x1a8) [0x76251a343038]
/tools/Xilinx/Vivado/2024.1/lib/lnx64.o/librdi_common.so(+0xdaf42b) [0x76251b9af42b]
/lib/x86_64-linux-gnu/libc.so.6(+0x94ac3) [0x76251a094ac3]
/lib/x86_64-linux-gnu/libc.so.6(+0x1268d0) [0x76251a1268d0]
